ASxxxx Linker V03.00/V05.40 + sdld,  page 1.
Hexadecimal  [32-Bits]

Area                                    Addr        Size        Decimal Bytes (Attributes)
--------------------------------        ----        ----        ------- ----- ------------
CABS                                00000000    00000000 =           0. bytes (ABS,CON,CODE)

      Value  Global                              Global Defined In Module
      -----  --------------------------------   ------------------------
C:   00000000  l_BIT_BANK                      
C:   00000000  l_CABS                          
C:   00000000  l_GSINIT                        
C:   00000000  l_GSINIT1                       
C:   00000000  l_GSINIT5                       
C:   00000000  l_IABS                          
C:   00000000  l_ISEG                          
C:   00000000  l_PSEG                          
C:   00000000  l_REG_BANK_1                    
C:   00000000  l_REG_BANK_2                    
C:   00000000  l_REG_BANK_3                    
C:   00000000  l_RSEG                          
C:   00000000  l_RSEG0                         
C:   00000000  l_RSEG1                         
C:   00000000  l_XABS                          
C:   00000000  l_XINIT                         
C:   00000000  l_XISEG                         
C:   00000000  l__CODE                         
C:   00000000  s_BSEG                          
C:   00000000  s_CABS                          
C:   00000000  s_DSEG                          
C:   00000000  s_HOME                          
C:   00000000  s_IABS                          
C:   00000000  s_ISEG                          
C:   00000000  s_REG_BANK_0                    
C:   00000000  s_RSEG                          
C:   00000000  s_RSEG0                         
C:   00000000  s_RSEG1                         
C:   00000000  s_XABS                          
C:   00000001  l_BSEG_BYTES                    
C:   00000001  s_PSEG                          
C:   00000001  s_XSEG                          
C:   00000002  l_BSEG                          
C:   00000003  l_GSFINAL                       
C:   00000003  l_GSINIT0                       
C:   00000006  l_OSEG                          
C:   00000008  l_REG_BANK_0                    
C:   00000008  s_REG_BANK_1                    
C:   0000000A  l_GSINIT2                       
C:   00000010  s_REG_BANK_2                    
C:   00000018  s_BIT_BANK                      
C:   00000018  s_REG_BANK_3                    
C:   0000001A  s_OSEG                          
C:   00000020  s_BSEG_BYTES                    
C:   00000020  s__CODE                         
C:   00000021  s_SSEG                          
C:   00000022  l_GSINIT3                       
C:   0000002A  l_GSINIT4                       
C:   0000004C  l_HOME                          
C:   0000004C  s_GSINIT0                       
ASxxxx Linker V03.00/V05.40 + sdld,  page 2.
Hexadecimal  [32-Bits]

Area                                    Addr        Size        Decimal Bytes (Attributes)
--------------------------------        ----        ----        ------- ----- ------------
CABS                                00000000    00000000 =           0. bytes (ABS,CON,CODE)

      Value  Global                              Global Defined In Module
      -----  --------------------------------   ------------------------
C:   0000004F  s_GSINIT1                       
C:   0000004F  s_GSINIT2                       
C:   00000059  s_GSINIT3                       
C:   0000006B  l_XSEG                          
C:   0000006C  s_XISEG                         
C:   0000007B  s_GSINIT4                       
C:   00000080  l_DSEG                          
C:   000000A5  s_GSFINAL                       
C:   000000A5  s_GSINIT                        
C:   000000A5  s_GSINIT5                       
C:   000000A8  s_CSEG                          
C:   000000DF  l_SSEG                          
C:   00000100  l_IRAM                          
C:   0000021F  l_CONST                         
C:   00001145  l_CSEG                          
C:   000011ED  s_CONST                         
C:   0000140C  s_XINIT                         

ASxxxx Linker V03.00/V05.40 + sdld,  page 3.
Hexadecimal  [32-Bits]

Area                                    Addr        Size        Decimal Bytes (Attributes)
--------------------------------        ----        ----        ------- ----- ------------
.  .ABS.                            00000000    00000000 =           0. bytes (ABS,CON)

      Value  Global                              Global Defined In Module
      -----  --------------------------------   ------------------------
     00000000  .__.ABS.                           _startup
     00000080  _P0                                stc_i2c
     00000080  _P00                               stc_i2c
     00000080  _P0_0                              main
     00000081  _P01                               stc_i2c
     00000081  _P0_1                              main
     00000081  _SP                                stc_i2c
     00000082  _DPL                               stc_i2c
     00000082  _P02                               stc_i2c
     00000082  _P0_2                              main
     00000083  _DPH                               stc_i2c
     00000083  _P03                               stc_i2c
     00000083  _P0_3                              main
     00000084  _P04                               stc_i2c
     00000084  _P0_4                              main
     00000084  _S4CON                             stc_i2c
     00000085  _P05                               stc_i2c
     00000085  _P0_5                              main
     00000085  _S4BUF                             stc_i2c
     00000086  _P06                               stc_i2c
     00000086  _P0_6                              main
     00000087  _P07                               stc_i2c
     00000087  _P0_7                              main
     00000087  _PCON                              stc_i2c
     00000088  _IT0                               stc_i2c
     00000088  _TCON                              stc_i2c
     00000089  _IE0                               stc_i2c
     00000089  _TMOD                              stc_i2c
     0000008A  _IT1                               stc_i2c
     0000008A  _TL0                               stc_i2c
     0000008B  _IE1                               stc_i2c
     0000008B  _TL1                               stc_i2c
     0000008C  _TH0                               stc_i2c
     0000008C  _TR0                               stc_i2c
     0000008D  _TF0                               stc_i2c
     0000008D  _TH1                               stc_i2c
     0000008E  _AUXR                              stc_i2c
     0000008E  _TR1                               stc_i2c
     0000008F  _INTCLKO                           stc_i2c
     0000008F  _TF1                               stc_i2c
     00000090  _P1                                stc_i2c
     00000090  _P10                               stc_i2c
     00000090  _P1_0                              main
     00000091  _P11                               stc_i2c
     00000091  _P1M1                              stc_i2c
     00000091  _P1_1                              main
     00000092  _P12                               stc_i2c
     00000092  _P1M0                              stc_i2c
     00000092  _P1_2                              main
     00000093  _P0M1                              stc_i2c
ASxxxx Linker V03.00/V05.40 + sdld,  page 4.
Hexadecimal  [32-Bits]

Area                                    Addr        Size        Decimal Bytes (Attributes)
--------------------------------        ----        ----        ------- ----- ------------
.  .ABS.                            00000000    00000000 =           0. bytes (ABS,CON)

      Value  Global                              Global Defined In Module
      -----  --------------------------------   ------------------------
     00000093  _P13                               stc_i2c
     00000093  _P1_3                              main
     00000094  _P0M0                              stc_i2c
     00000094  _P14                               stc_i2c
     00000094  _P1_4                              main
     00000095  _P15                               stc_i2c
     00000095  _P1_5                              main
     00000095  _P2M1                              stc_i2c
     00000096  _P16                               stc_i2c
     00000096  _P1_6                              main
     00000096  _P2M0                              stc_i2c
     00000097  _P17                               stc_i2c
     00000097  _P1_7                              main
     00000098  _RI                                stc_i2c
     00000098  _SCON                              stc_i2c
     00000099  _SBUF                              stc_i2c
     00000099  _TI                                stc_i2c
     0000009A  _RB8                               stc_i2c
     0000009A  _S2CON                             stc_i2c
     0000009B  _S2BUF                             stc_i2c
     0000009B  _TB8                               stc_i2c
     0000009C  _REN                               stc_i2c
     0000009D  _IRCBAND                           stc_i2c
     0000009D  _SM2                               stc_i2c
     0000009E  _LIRTRIM                           stc_i2c
     0000009E  _SM1                               stc_i2c
     0000009F  _IRTRIM                            stc_i2c
     0000009F  _SM0                               stc_i2c
     000000A0  _P2                                stc_i2c
     000000A0  _P20                               stc_i2c
     000000A0  _P2_0                              main
     000000A0  __XPAGE                            
     000000A1  _P21                               stc_i2c
     000000A1  _P2_1                              main
     000000A2  _P22                               stc_i2c
     000000A2  _P2_2                              main
     000000A2  _P_SW1                             stc_i2c
     000000A3  _P23                               stc_i2c
     000000A3  _P2_3                              main
     000000A4  _P24                               stc_i2c
     000000A4  _P2_4                              main
     000000A5  _P25                               stc_i2c
     000000A5  _P2_5                              main
     000000A6  _P26                               stc_i2c
     000000A6  _P2_6                              main
     000000A7  _P27                               stc_i2c
     000000A7  _P2_7                              main
     000000A8  _EX0                               stc_i2c
     000000A8  _IE                                stc_i2c
     000000A9  _ET0                               stc_i2c
     000000A9  _SADDR                             stc_i2c
ASxxxx Linker V03.00/V05.40 + sdld,  page 5.
Hexadecimal  [32-Bits]

Area                                    Addr        Size        Decimal Bytes (Attributes)
--------------------------------        ----        ----        ------- ----- ------------
.  .ABS.                            00000000    00000000 =           0. bytes (ABS,CON)

      Value  Global                              Global Defined In Module
      -----  --------------------------------   ------------------------
     000000AA  _EX1                               stc_i2c
     000000AA  _WKTCL                             stc_i2c
     000000AB  _ET1                               stc_i2c
     000000AB  _WKTCH                             stc_i2c
     000000AC  _ES                                stc_i2c
     000000AC  _S3CON                             stc_i2c
     000000AD  _EADC                              stc_i2c
     000000AD  _S3BUF                             stc_i2c
     000000AE  _ELVD                              stc_i2c
     000000AE  _TA                                stc_i2c
     000000AF  _EA                                stc_i2c
     000000AF  _IE2                               stc_i2c
     000000B0  _P3                                stc_i2c
     000000B0  _P30                               stc_i2c
     000000B0  _P3_0                              main
     000000B0  _RXD                               stc_i2c
     000000B1  _P31                               stc_i2c
     000000B1  _P3M1                              stc_i2c
     000000B1  _P3_1                              main
     000000B1  _TXD                               stc_i2c
     000000B2  _INT0                              stc_i2c
     000000B2  _P32                               stc_i2c
     000000B2  _P3M0                              stc_i2c
     000000B2  _P3_2                              main
     000000B3  _INT1                              stc_i2c
     000000B3  _P33                               stc_i2c
     000000B3  _P3_3                              main
     000000B3  _P4M1                              stc_i2c
     000000B4  _P34                               stc_i2c
     000000B4  _P3_4                              main
     000000B4  _P4M0                              stc_i2c
     000000B4  _T0                                stc_i2c
     000000B5  _IP2                               stc_i2c
     000000B5  _P35                               stc_i2c
     000000B5  _P3_5                              main
     000000B5  _T1                                stc_i2c
     000000B6  _IP2H                              stc_i2c
     000000B6  _P36                               stc_i2c
     000000B6  _P3_6                              main
     000000B6  _WR                                stc_i2c
     000000B7  _IPH                               stc_i2c
     000000B7  _P37                               stc_i2c
     000000B7  _P3_7                              main
     000000B7  _RD                                stc_i2c
     000000B8  _IP                                stc_i2c
     000000B8  _PX0                               stc_i2c
     000000B9  _PT0                               stc_i2c
     000000B9  _SADEN                             stc_i2c
     000000BA  _PX1                               stc_i2c
     000000BA  _P_SW2                             stc_i2c
     000000BB  _PT1                               stc_i2c
ASxxxx Linker V03.00/V05.40 + sdld,  page 6.
Hexadecimal  [32-Bits]

Area                                    Addr        Size        Decimal Bytes (Attributes)
--------------------------------        ----        ----        ------- ----- ------------
.  .ABS.                            00000000    00000000 =           0. bytes (ABS,CON)

      Value  Global                              Global Defined In Module
      -----  --------------------------------   ------------------------
     000000BC  _ADC_CONTR                         stc_i2c
     000000BC  _PS                                stc_i2c
     000000BD  _ADC_RES                           stc_i2c
     000000BD  _PADC                              stc_i2c
     000000BE  _ADC_RESL                          stc_i2c
     000000BE  _PLVD                              stc_i2c
     000000BF  _PPCA                              stc_i2c
     000000C0  _P4                                stc_i2c
     000000C0  _P40                               stc_i2c
     000000C1  _P41                               stc_i2c
     000000C1  _WDT_CONTR                         stc_i2c
     000000C2  _IAP_DATA                          stc_i2c
     000000C2  _P42                               stc_i2c
     000000C3  _IAP_ADDRH                         stc_i2c
     000000C3  _P43                               stc_i2c
     000000C4  _IAP_ADDRL                         stc_i2c
     000000C4  _P44                               stc_i2c
     000000C5  _IAP_CMD                           stc_i2c
     000000C5  _P45                               stc_i2c
     000000C6  _IAP_TRIG                          stc_i2c
     000000C6  _P46                               stc_i2c
     000000C7  _IAP_CONTR                         stc_i2c
     000000C7  _P47                               stc_i2c
     000000C8  _P5                                stc_i2c
     000000C8  _P50                               stc_i2c
     000000C9  _P51                               stc_i2c
     000000C9  _P5M1                              stc_i2c
     000000CA  _P52                               stc_i2c
     000000CA  _P5M0                              stc_i2c
     000000CB  _P53                               stc_i2c
     000000CB  _P6M1                              stc_i2c
     000000CC  _P54                               stc_i2c
     000000CC  _P6M0                              stc_i2c
     000000CD  _P55                               stc_i2c
     000000CD  _SPSTAT                            stc_i2c
     000000CE  _P56                               stc_i2c
     000000CE  _SPCTL                             stc_i2c
     000000CF  _P57                               stc_i2c
     000000CF  _SPDAT                             stc_i2c
     000000D0  _P                                 stc_i2c
     000000D0  _PSW                               stc_i2c
     000000D1  _F1                                stc_i2c
     000000D1  _T3T4M                             stc_i2c
     000000D1  _T4T3M                             stc_i2c
     000000D2  _OV                                stc_i2c
     000000D2  _T4H                               stc_i2c
     000000D2  _TH4                               stc_i2c
     000000D3  _RS0                               stc_i2c
     000000D3  _T4L                               stc_i2c
     000000D3  _TL4                               stc_i2c
     000000D4  _RS1                               stc_i2c
ASxxxx Linker V03.00/V05.40 + sdld,  page 7.
Hexadecimal  [32-Bits]

Area                                    Addr        Size        Decimal Bytes (Attributes)
--------------------------------        ----        ----        ------- ----- ------------
.  .ABS.                            00000000    00000000 =           0. bytes (ABS,CON)

      Value  Global                              Global Defined In Module
      -----  --------------------------------   ------------------------
     000000D4  _T3H                               stc_i2c
     000000D4  _TH3                               stc_i2c
     000000D5  _F0                                stc_i2c
     000000D5  _T3L                               stc_i2c
     000000D5  _TL3                               stc_i2c
     000000D6  _AC                                stc_i2c
     000000D6  _T2H                               stc_i2c
     000000D6  _TH2                               stc_i2c
     000000D7  _CY                                stc_i2c
     000000D7  _T2L                               stc_i2c
     000000D7  _TL2                               stc_i2c
     000000D8  _CCF0                              stc_i2c
     000000D8  _CCON                              stc_i2c
     000000D9  _CCF1                              stc_i2c
     000000D9  _CMOD                              stc_i2c
     000000DA  _CCAPM0                            stc_i2c
     000000DA  _CCF2                              stc_i2c
     000000DB  _CCAPM1                            stc_i2c
     000000DC  _CCAPM2                            stc_i2c
     000000DE  _ADCCFG                            stc_i2c
     000000DE  _CR                                stc_i2c
     000000DF  _CF                                stc_i2c
     000000DF  _IP3                               stc_i2c
     000000E0  _ACC                               stc_i2c
     000000E1  _P7M1                              stc_i2c
     000000E2  _P7M0                              stc_i2c
     000000E3  _DPS                               stc_i2c
     000000E4  _DPL1                              stc_i2c
     000000E5  _DPH1                              stc_i2c
     000000E6  _CMPCR1                            stc_i2c
     000000E7  _CMPCR2                            stc_i2c
     000000E8  _P6                                stc_i2c
     000000E8  _P60                               stc_i2c
     000000E9  _CL                                stc_i2c
     000000E9  _P61                               stc_i2c
     000000EA  _CCAP0L                            stc_i2c
     000000EA  _P62                               stc_i2c
     000000EB  _CCAP1L                            stc_i2c
     000000EB  _P63                               stc_i2c
     000000EC  _CCAP2L                            stc_i2c
     000000EC  _P64                               stc_i2c
     000000ED  _P65                               stc_i2c
     000000EE  _IP3H                              stc_i2c
     000000EE  _P66                               stc_i2c
     000000EF  _AUXINTIF                          stc_i2c
     000000EF  _P67                               stc_i2c
     000000F0  _B                                 stc_i2c
     000000F1  _PWMSET                            stc_i2c
     000000F2  _PCA_PWM0                          stc_i2c
     000000F3  _PCA_PWM1                          stc_i2c
     000000F4  _PCA_PWM2                          stc_i2c
ASxxxx Linker V03.00/V05.40 + sdld,  page 8.
Hexadecimal  [32-Bits]

Area                                    Addr        Size        Decimal Bytes (Attributes)
--------------------------------        ----        ----        ------- ----- ------------
.  .ABS.                            00000000    00000000 =           0. bytes (ABS,CON)

      Value  Global                              Global Defined In Module
      -----  --------------------------------   ------------------------
     000000F5  _B_5                               _gptrget
     000000F5  _IAP_TPS                           stc_i2c
     000000F6  _B_6                               _gptrget
     000000F6  _PWMCFG01                          stc_i2c
     000000F7  _B_7                               _gptrget
     000000F7  _PWMCFG23                          stc_i2c
     000000F8  _P7                                stc_i2c
     000000F8  _P70                               stc_i2c
     000000F9  _CH                                stc_i2c
     000000F9  _P71                               stc_i2c
     000000FA  _CCAP0H                            stc_i2c
     000000FA  _P72                               stc_i2c
     000000FB  _CCAP1H                            stc_i2c
     000000FB  _P73                               stc_i2c
     000000FC  _CCAP2H                            stc_i2c
     000000FC  _P74                               stc_i2c
     000000FD  _P75                               stc_i2c
     000000FE  _P76                               stc_i2c
     000000FE  _PWMCFG45                          stc_i2c
     000000FF  _P77                               stc_i2c
     000000FF  _RSTCFG                            stc_i2c
     0000F930  _PWMA_ENO2                         stc_i2c
     0000F931  _PWMA_IOAUX2                       stc_i2c
     0000F932  _PWMA_CR3                          stc_i2c
     0000F933  _PWMA_SR3                          stc_i2c
     0000F934  _PWMA_CCER3                        stc_i2c
     0000F938  _PWMA_CCMR1X                       stc_i2c
     0000F939  _PWMA_CCMR2X                       stc_i2c
     0000F93A  _PWMA_CCMR3X                       stc_i2c
     0000F93B  _PWMA_CCMR4X                       stc_i2c
     0000F93C  _PWMA_CCMR5                        stc_i2c
     0000F93D  _PWMA_CCMR5X                       stc_i2c
     0000F93E  _PWMA_CCMR6                        stc_i2c
     0000F93F  _PWMA_CCMR6X                       stc_i2c
     0000F940  _PWMA_CCR5H                        stc_i2c
     0000F941  _PWMA_CCR5L                        stc_i2c
     0000F942  _PWMA_CCR5X                        stc_i2c
     0000F943  _PWMA_CCR6H                        stc_i2c
     0000F944  _PWMA_CCR6L                        stc_i2c
     0000FB00  _COMEN                             stc_i2c
     0000FB01  _SEGENL                            stc_i2c
     0000FB02  _SEGENH                            stc_i2c
     0000FB03  _LEDCTRL                           stc_i2c
     0000FB04  _LEDCKS                            stc_i2c
     0000FB10  _COM0_DA_L                         stc_i2c
     0000FB11  _COM1_DA_L                         stc_i2c
     0000FB12  _COM2_DA_L                         stc_i2c
     0000FB13  _COM3_DA_L                         stc_i2c
     0000FB14  _COM4_DA_L                         stc_i2c
     0000FB15  _COM5_DA_L                         stc_i2c
     0000FB16  _COM6_DA_L                         stc_i2c
ASxxxx Linker V03.00/V05.40 + sdld,  page 9.
Hexadecimal  [32-Bits]

Area                                    Addr        Size        Decimal Bytes (Attributes)
--------------------------------        ----        ----        ------- ----- ------------
.  .ABS.                            00000000    00000000 =           0. bytes (ABS,CON)

      Value  Global                              Global Defined In Module
      -----  --------------------------------   ------------------------
     0000FB17  _COM7_DA_L                         stc_i2c
     0000FB18  _COM0_DA_H                         stc_i2c
     0000FB19  _COM1_DA_H                         stc_i2c
     0000FB1A  _COM2_DA_H                         stc_i2c
     0000FB1B  _COM3_DA_H                         stc_i2c
     0000FB1C  _COM4_DA_H                         stc_i2c
     0000FB1D  _COM5_DA_H                         stc_i2c
     0000FB1E  _COM6_DA_H                         stc_i2c
     0000FB1F  _COM7_DA_H                         stc_i2c
     0000FB20  _COM0_DC_L                         stc_i2c
     0000FB21  _COM1_DC_L                         stc_i2c
     0000FB22  _COM2_DC_L                         stc_i2c
     0000FB23  _COM3_DC_L                         stc_i2c
     0000FB24  _COM4_DC_L                         stc_i2c
     0000FB25  _COM5_DC_L                         stc_i2c
     0000FB26  _COM6_DC_L                         stc_i2c
     0000FB27  _COM7_DC_L                         stc_i2c
     0000FB28  _COM0_DC_H                         stc_i2c
     0000FB29  _COM1_DC_H                         stc_i2c
     0000FB2A  _COM2_DC_H                         stc_i2c
     0000FB2B  _COM3_DC_H                         stc_i2c
     0000FB2C  _COM4_DC_H                         stc_i2c
     0000FB2D  _COM5_DC_H                         stc_i2c
     0000FB2E  _COM6_DC_H                         stc_i2c
     0000FB2F  _COM7_DC_H                         stc_i2c
     0000FB40  _TSCHEN1                           stc_i2c
     0000FB41  _TSCHEN2                           stc_i2c
     0000FB42  _TSCFG1                            stc_i2c
     0000FB43  _TSCFG2                            stc_i2c
     0000FB44  _TSWUTC                            stc_i2c
     0000FB45  _TSCTRL                            stc_i2c
     0000FB46  _TSSTA1                            stc_i2c
     0000FB47  _TSSTA2                            stc_i2c
     0000FB48  _TSRT                              stc_i2c
     0000FB49  _TSDAT                             stc_i2c
     0000FB49  _TSDATH                            stc_i2c
     0000FB4A  _TSDATL                            stc_i2c
     0000FB50  _TSTH00                            stc_i2c
     0000FB50  _TSTH00H                           stc_i2c
     0000FB51  _TSTH00L                           stc_i2c
     0000FB52  _TSTH01                            stc_i2c
     0000FB52  _TSTH01H                           stc_i2c
     0000FB53  _TSTH01L                           stc_i2c
     0000FB54  _TSTH02                            stc_i2c
     0000FB54  _TSTH02H                           stc_i2c
     0000FB55  _TSTH02L                           stc_i2c
     0000FB56  _TSTH03                            stc_i2c
     0000FB56  _TSTH03H                           stc_i2c
     0000FB57  _TSTH03L                           stc_i2c
     0000FB58  _TSTH04                            stc_i2c
     0000FB58  _TSTH04H                           stc_i2c
ASxxxx Linker V03.00/V05.40 + sdld,  page 10.
Hexadecimal  [32-Bits]

Area                                    Addr        Size        Decimal Bytes (Attributes)
--------------------------------        ----        ----        ------- ----- ------------
.  .ABS.                            00000000    00000000 =           0. bytes (ABS,CON)

      Value  Global                              Global Defined In Module
      -----  --------------------------------   ------------------------
     0000FB59  _TSTH04L                           stc_i2c
     0000FB5A  _TSTH05                            stc_i2c
     0000FB5A  _TSTH05H                           stc_i2c
     0000FB5B  _TSTH05L                           stc_i2c
     0000FB5C  _TSTH06                            stc_i2c
     0000FB5C  _TSTH06H                           stc_i2c
     0000FB5D  _TSTH06L                           stc_i2c
     0000FB5E  _TSTH07                            stc_i2c
     0000FB5E  _TSTH07H                           stc_i2c
     0000FB5F  _TSTH07L                           stc_i2c
     0000FB60  _TSTH08                            stc_i2c
     0000FB60  _TSTH08H                           stc_i2c
     0000FB61  _TSTH08L                           stc_i2c
     0000FB62  _TSTH09                            stc_i2c
     0000FB62  _TSTH09H                           stc_i2c
     0000FB63  _TSTH09L                           stc_i2c
     0000FB64  _TSTH10                            stc_i2c
     0000FB64  _TSTH10H                           stc_i2c
     0000FB65  _TSTH10L                           stc_i2c
     0000FB66  _TSTH11                            stc_i2c
     0000FB66  _TSTH11H                           stc_i2c
     0000FB67  _TSTH11L                           stc_i2c
     0000FB68  _TSTH12                            stc_i2c
     0000FB68  _TSTH12H                           stc_i2c
     0000FB69  _TSTH12L                           stc_i2c
     0000FB6A  _TSTH13                            stc_i2c
     0000FB6A  _TSTH13H                           stc_i2c
     0000FB6B  _TSTH13L                           stc_i2c
     0000FB6C  _TSTH14                            stc_i2c
     0000FB6C  _TSTH14H                           stc_i2c
     0000FB6D  _TSTH14L                           stc_i2c
     0000FB6E  _TSTH15                            stc_i2c
     0000FB6E  _TSTH15H                           stc_i2c
     0000FB6F  _TSTH15L                           stc_i2c
     0000FC00  _PWM3C                             stc_i2c
     0000FC00  _PWM3CH                            stc_i2c
     0000FC01  _PWM3CL                            stc_i2c
     0000FC02  _PWM3CKS                           stc_i2c
     0000FC05  _PWM3IF                            stc_i2c
     0000FC06  _PWM3FDCR                          stc_i2c
     0000FC10  _PWM30T1                           stc_i2c
     0000FC10  _PWM30T1H                          stc_i2c
     0000FC11  _PWM30T1L                          stc_i2c
     0000FC12  _PWM30T2                           stc_i2c
     0000FC12  _PWM30T2H                          stc_i2c
     0000FC13  _PWM30T2L                          stc_i2c
     0000FC14  _PWM30CR                           stc_i2c
     0000FC15  _PWM30HLD                          stc_i2c
     0000FC18  _PWM31T1                           stc_i2c
     0000FC18  _PWM31T1H                          stc_i2c
     0000FC19  _PWM31T1L                          stc_i2c
ASxxxx Linker V03.00/V05.40 + sdld,  page 11.
Hexadecimal  [32-Bits]

Area                                    Addr        Size        Decimal Bytes (Attributes)
--------------------------------        ----        ----        ------- ----- ------------
.  .ABS.                            00000000    00000000 =           0. bytes (ABS,CON)

      Value  Global                              Global Defined In Module
      -----  --------------------------------   ------------------------
     0000FC1A  _PWM31T2                           stc_i2c
     0000FC1A  _PWM31T2H                          stc_i2c
     0000FC1B  _PWM31T2L                          stc_i2c
     0000FC1C  _PWM31CR                           stc_i2c
     0000FC1D  _PWM31HLD                          stc_i2c
     0000FC20  _PWM32T1                           stc_i2c
     0000FC20  _PWM32T1H                          stc_i2c
     0000FC21  _PWM32T1L                          stc_i2c
     0000FC22  _PWM32T2                           stc_i2c
     0000FC22  _PWM32T2H                          stc_i2c
     0000FC23  _PWM32T2L                          stc_i2c
     0000FC24  _PWM32CR                           stc_i2c
     0000FC25  _PWM32HLD                          stc_i2c
     0000FC28  _PWM33T1                           stc_i2c
     0000FC28  _PWM33T1H                          stc_i2c
     0000FC29  _PWM33T1L                          stc_i2c
     0000FC2A  _PWM33T2                           stc_i2c
     0000FC2A  _PWM33T2H                          stc_i2c
     0000FC2B  _PWM33T2L                          stc_i2c
     0000FC2C  _PWM33CR                           stc_i2c
     0000FC2D  _PWM33HLD                          stc_i2c
     0000FC30  _PWM34T1                           stc_i2c
     0000FC30  _PWM34T1H                          stc_i2c
     0000FC31  _PWM34T1L                          stc_i2c
     0000FC32  _PWM34T2                           stc_i2c
     0000FC32  _PWM34T2H                          stc_i2c
     0000FC33  _PWM34T2L                          stc_i2c
     0000FC34  _PWM34CR                           stc_i2c
     0000FC35  _PWM34HLD                          stc_i2c
     0000FC38  _PWM35T1                           stc_i2c
     0000FC38  _PWM35T1H                          stc_i2c
     0000FC39  _PWM35T1L                          stc_i2c
     0000FC3A  _PWM35T2                           stc_i2c
     0000FC3A  _PWM35T2H                          stc_i2c
     0000FC3B  _PWM35T2L                          stc_i2c
     0000FC3C  _PWM35CR                           stc_i2c
     0000FC3D  _PWM35HLD                          stc_i2c
     0000FC40  _PWM36T1                           stc_i2c
     0000FC40  _PWM36T1H                          stc_i2c
     0000FC41  _PWM36T1L                          stc_i2c
     0000FC42  _PWM36T2                           stc_i2c
     0000FC42  _PWM36T2H                          stc_i2c
     0000FC43  _PWM36T2L                          stc_i2c
     0000FC44  _PWM36CR                           stc_i2c
     0000FC45  _PWM36HLD                          stc_i2c
     0000FC48  _PWM37T1                           stc_i2c
     0000FC48  _PWM37T1H                          stc_i2c
     0000FC49  _PWM37T1L                          stc_i2c
     0000FC4A  _PWM37T2                           stc_i2c
     0000FC4A  _PWM37T2H                          stc_i2c
     0000FC4B  _PWM37T2L                          stc_i2c
ASxxxx Linker V03.00/V05.40 + sdld,  page 12.
Hexadecimal  [32-Bits]

Area                                    Addr        Size        Decimal Bytes (Attributes)
--------------------------------        ----        ----        ------- ----- ------------
.  .ABS.                            00000000    00000000 =           0. bytes (ABS,CON)

      Value  Global                              Global Defined In Module
      -----  --------------------------------   ------------------------
     0000FC4C  _PWM37CR                           stc_i2c
     0000FC4D  _PWM37HLD                          stc_i2c
     0000FC50  _PWM4C                             stc_i2c
     0000FC50  _PWM4CH                            stc_i2c
     0000FC51  _PWM4CL                            stc_i2c
     0000FC52  _PWM4CKS                           stc_i2c
     0000FC53  _PWM4TADC                          stc_i2c
     0000FC53  _PWM4TADCH                         stc_i2c
     0000FC54  _PWM4TADCL                         stc_i2c
     0000FC55  _PWM4IF                            stc_i2c
     0000FC56  _PWM4FDCR                          stc_i2c
     0000FC60  _PWM40T1                           stc_i2c
     0000FC60  _PWM40T1H                          stc_i2c
     0000FC61  _PWM40T1L                          stc_i2c
     0000FC62  _PWM40T2                           stc_i2c
     0000FC62  _PWM40T2H                          stc_i2c
     0000FC63  _PWM40T2L                          stc_i2c
     0000FC64  _PWM40CR                           stc_i2c
     0000FC65  _PWM40HLD                          stc_i2c
     0000FC68  _PWM41T1                           stc_i2c
     0000FC68  _PWM41T1H                          stc_i2c
     0000FC69  _PWM41T1L                          stc_i2c
     0000FC6A  _PWM41T2                           stc_i2c
     0000FC6A  _PWM41T2H                          stc_i2c
     0000FC6B  _PWM41T2L                          stc_i2c
     0000FC6C  _PWM41CR                           stc_i2c
     0000FC6D  _PWM41HLD                          stc_i2c
     0000FC70  _PWM42T1                           stc_i2c
     0000FC70  _PWM42T1H                          stc_i2c
     0000FC71  _PWM42T1L                          stc_i2c
     0000FC72  _PWM42T2                           stc_i2c
     0000FC72  _PWM42T2H                          stc_i2c
     0000FC73  _PWM42T2L                          stc_i2c
     0000FC74  _PWM42CR                           stc_i2c
     0000FC75  _PWM42HLD                          stc_i2c
     0000FC78  _PWM43T1                           stc_i2c
     0000FC78  _PWM43T1H                          stc_i2c
     0000FC79  _PWM43T1L                          stc_i2c
     0000FC7A  _PWM43T2                           stc_i2c
     0000FC7A  _PWM43T2H                          stc_i2c
     0000FC7B  _PWM43T2L                          stc_i2c
     0000FC7C  _PWM43CR                           stc_i2c
     0000FC7D  _PWM43HLD                          stc_i2c
     0000FC80  _PWM44T1                           stc_i2c
     0000FC80  _PWM44T1H                          stc_i2c
     0000FC81  _PWM44T1L                          stc_i2c
     0000FC82  _PWM44T2                           stc_i2c
     0000FC82  _PWM44T2H                          stc_i2c
     0000FC83  _PWM44T2L                          stc_i2c
     0000FC84  _PWM44CR                           stc_i2c
     0000FC85  _PWM44HLD                          stc_i2c
ASxxxx Linker V03.00/V05.40 + sdld,  page 13.
Hexadecimal  [32-Bits]

Area                                    Addr        Size        Decimal Bytes (Attributes)
--------------------------------        ----        ----        ------- ----- ------------
.  .ABS.                            00000000    00000000 =           0. bytes (ABS,CON)

      Value  Global                              Global Defined In Module
      -----  --------------------------------   ------------------------
     0000FC88  _PWM45T1                           stc_i2c
     0000FC88  _PWM45T1H                          stc_i2c
     0000FC89  _PWM45T1L                          stc_i2c
     0000FC8A  _PWM45T2                           stc_i2c
     0000FC8A  _PWM45T2H                          stc_i2c
     0000FC8B  _PWM45T2L                          stc_i2c
     0000FC8C  _PWM45CR                           stc_i2c
     0000FC8D  _PWM45HLD                          stc_i2c
     0000FC90  _PWM46T1                           stc_i2c
     0000FC90  _PWM46T1H                          stc_i2c
     0000FC91  _PWM46T1L                          stc_i2c
     0000FC92  _PWM46T2                           stc_i2c
     0000FC92  _PWM46T2H                          stc_i2c
     0000FC93  _PWM46T2L                          stc_i2c
     0000FC94  _PWM46CR                           stc_i2c
     0000FC95  _PWM46HLD                          stc_i2c
     0000FC98  _PWM47T1                           stc_i2c
     0000FC98  _PWM47T1H                          stc_i2c
     0000FC99  _PWM47T1L                          stc_i2c
     0000FC9A  _PWM47T2                           stc_i2c
     0000FC9A  _PWM47T2H                          stc_i2c
     0000FC9B  _PWM47T2L                          stc_i2c
     0000FC9C  _PWM47CR                           stc_i2c
     0000FC9D  _PWM47HLD                          stc_i2c
     0000FCA0  _PWM5C                             stc_i2c
     0000FCA0  _PWM5CH                            stc_i2c
     0000FCA1  _PWM5CL                            stc_i2c
     0000FCA2  _PWM5CKS                           stc_i2c
     0000FCA5  _PWM5IF                            stc_i2c
     0000FCA6  _PWM5FDCR                          stc_i2c
     0000FCB0  _PWM50T1                           stc_i2c
     0000FCB0  _PWM50T1H                          stc_i2c
     0000FCB1  _PWM50T1L                          stc_i2c
     0000FCB2  _PWM50T2                           stc_i2c
     0000FCB2  _PWM50T2H                          stc_i2c
     0000FCB3  _PWM50T2L                          stc_i2c
     0000FCB4  _PWM50CR                           stc_i2c
     0000FCB5  _PWM50HLD                          stc_i2c
     0000FCB8  _PWM51T1                           stc_i2c
     0000FCB8  _PWM51T1H                          stc_i2c
     0000FCB9  _PWM51T1L                          stc_i2c
     0000FCBA  _PWM51T2                           stc_i2c
     0000FCBA  _PWM51T2H                          stc_i2c
     0000FCBB  _PWM51T2L                          stc_i2c
     0000FCBC  _PWM51CR                           stc_i2c
     0000FCBD  _PWM51HLD                          stc_i2c
     0000FCC0  _PWM52T1                           stc_i2c
     0000FCC0  _PWM52T1H                          stc_i2c
     0000FCC1  _PWM52T1L                          stc_i2c
     0000FCC2  _PWM52T2                           stc_i2c
     0000FCC2  _PWM52T2H                          stc_i2c
ASxxxx Linker V03.00/V05.40 + sdld,  page 14.
Hexadecimal  [32-Bits]

Area                                    Addr        Size        Decimal Bytes (Attributes)
--------------------------------        ----        ----        ------- ----- ------------
.  .ABS.                            00000000    00000000 =           0. bytes (ABS,CON)

      Value  Global                              Global Defined In Module
      -----  --------------------------------   ------------------------
     0000FCC3  _PWM52T2L                          stc_i2c
     0000FCC4  _PWM52CR                           stc_i2c
     0000FCC5  _PWM52HLD                          stc_i2c
     0000FCC8  _PWM53T1                           stc_i2c
     0000FCC8  _PWM53T1H                          stc_i2c
     0000FCC9  _PWM53T1L                          stc_i2c
     0000FCCA  _PWM53T2                           stc_i2c
     0000FCCA  _PWM53T2H                          stc_i2c
     0000FCCB  _PWM53T2L                          stc_i2c
     0000FCCC  _PWM53CR                           stc_i2c
     0000FCCD  _PWM53HLD                          stc_i2c
     0000FCD0  _PWM54T1                           stc_i2c
     0000FCD0  _PWM54T1H                          stc_i2c
     0000FCD1  _PWM54T1L                          stc_i2c
     0000FCD2  _PWM54T2                           stc_i2c
     0000FCD2  _PWM54T2H                          stc_i2c
     0000FCD3  _PWM54T2L                          stc_i2c
     0000FCD4  _PWM54CR                           stc_i2c
     0000FCD5  _PWM54HLD                          stc_i2c
     0000FCD8  _PWM55T1                           stc_i2c
     0000FCD8  _PWM55T1H                          stc_i2c
     0000FCD9  _PWM55T1L                          stc_i2c
     0000FCDA  _PWM55T2                           stc_i2c
     0000FCDA  _PWM55T2H                          stc_i2c
     0000FCDB  _PWM55T2L                          stc_i2c
     0000FCDC  _PWM55CR                           stc_i2c
     0000FCDD  _PWM55HLD                          stc_i2c
     0000FCE0  _PWM56T1                           stc_i2c
     0000FCE0  _PWM56T1H                          stc_i2c
     0000FCE1  _PWM56T1L                          stc_i2c
     0000FCE2  _PWM56T2                           stc_i2c
     0000FCE2  _PWM56T2H                          stc_i2c
     0000FCE3  _PWM56T2L                          stc_i2c
     0000FCE4  _PWM56CR                           stc_i2c
     0000FCE5  _PWM56HLD                          stc_i2c
     0000FCE8  _PWM57T1                           stc_i2c
     0000FCE8  _PWM57T1H                          stc_i2c
     0000FCE9  _PWM57T1L                          stc_i2c
     0000FCEA  _PWM57T2                           stc_i2c
     0000FCEA  _PWM57T2H                          stc_i2c
     0000FCEB  _PWM57T2L                          stc_i2c
     0000FCEC  _PWM57CR                           stc_i2c
     0000FCED  _PWM57HLD                          stc_i2c
     0000FCF0  _MD3                               stc_i2c
     0000FCF1  _MD2                               stc_i2c
     0000FCF2  _MD1                               stc_i2c
     0000FCF3  _MD0                               stc_i2c
     0000FCF4  _MD5                               stc_i2c
     0000FCF5  _MD4                               stc_i2c
     0000FCF6  _ARCON                             stc_i2c
     0000FCF7  _OPCON                             stc_i2c
ASxxxx Linker V03.00/V05.40 + sdld,  page 15.
Hexadecimal  [32-Bits]

Area                                    Addr        Size        Decimal Bytes (Attributes)
--------------------------------        ----        ----        ------- ----- ------------
.  .ABS.                            00000000    00000000 =           0. bytes (ABS,CON)

      Value  Global                              Global Defined In Module
      -----  --------------------------------   ------------------------
     0000FD00  _P0INTE                            stc_i2c
     0000FD01  _P1INTE                            stc_i2c
     0000FD02  _P2INTE                            stc_i2c
     0000FD03  _P3INTE                            stc_i2c
     0000FD04  _P4INTE                            stc_i2c
     0000FD05  _P5INTE                            stc_i2c
     0000FD06  _P6INTE                            stc_i2c
     0000FD07  _P7INTE                            stc_i2c
     0000FD10  _P0INTF                            stc_i2c
     0000FD11  _P1INTF                            stc_i2c
     0000FD12  _P2INTF                            stc_i2c
     0000FD13  _P3INTF                            stc_i2c
     0000FD14  _P4INTF                            stc_i2c
     0000FD15  _P5INTF                            stc_i2c
     0000FD16  _P6INTF                            stc_i2c
     0000FD17  _P7INTF                            stc_i2c
     0000FD20  _P0IM0                             stc_i2c
     0000FD21  _P1IM0                             stc_i2c
     0000FD22  _P2IM0                             stc_i2c
     0000FD23  _P3IM0                             stc_i2c
     0000FD24  _P4IM0                             stc_i2c
     0000FD25  _P5IM0                             stc_i2c
     0000FD26  _P6IM0                             stc_i2c
     0000FD27  _P7IM0                             stc_i2c
     0000FD30  _P0IM1                             stc_i2c
     0000FD31  _P1IM1                             stc_i2c
     0000FD32  _P2IM1                             stc_i2c
     0000FD33  _P3IM1                             stc_i2c
     0000FD34  _P4IM1                             stc_i2c
     0000FD35  _P5IM1                             stc_i2c
     0000FD36  _P6IM1                             stc_i2c
     0000FD37  _P7IM1                             stc_i2c
     0000FD40  _P0WKUE                            stc_i2c
     0000FD41  _P1WKUE                            stc_i2c
     0000FD42  _P2WKUE                            stc_i2c
     0000FD43  _P3WKUE                            stc_i2c
     0000FD44  _P4WKUE                            stc_i2c
     0000FD45  _P5WKUE                            stc_i2c
     0000FD46  _P6WKUE                            stc_i2c
     0000FD47  _P7WKUE                            stc_i2c
     0000FD60  _PINIPL                            stc_i2c
     0000FD61  _PINIPH                            stc_i2c
     0000FE00  _CLKSEL                            stc_i2c
     0000FE01  _CLKDIV                            stc_i2c
     0000FE02  _HIRCCR                            stc_i2c
     0000FE03  _XOSCCR                            stc_i2c
     0000FE04  _IRC32KCR                          stc_i2c
     0000FE05  _MCLKOCR                           stc_i2c
     0000FE06  _IRCDB                             stc_i2c
     0000FE08  _X32KCR                            stc_i2c
     0000FE10  _P0PU                              stc_i2c
ASxxxx Linker V03.00/V05.40 + sdld,  page 16.
Hexadecimal  [32-Bits]

Area                                    Addr        Size        Decimal Bytes (Attributes)
--------------------------------        ----        ----        ------- ----- ------------
.  .ABS.                            00000000    00000000 =           0. bytes (ABS,CON)

      Value  Global                              Global Defined In Module
      -----  --------------------------------   ------------------------
     0000FE11  _P1PU                              stc_i2c
     0000FE12  _P2PU                              stc_i2c
     0000FE13  _P3PU                              stc_i2c
     0000FE14  _P4PU                              stc_i2c
     0000FE15  _P5PU                              stc_i2c
     0000FE16  _P6PU                              stc_i2c
     0000FE17  _P7PU                              stc_i2c
     0000FE18  _P0NCS                             stc_i2c
     0000FE19  _P1NCS                             stc_i2c
     0000FE1A  _P2NCS                             stc_i2c
     0000FE1B  _P3NCS                             stc_i2c
     0000FE1C  _P4NCS                             stc_i2c
     0000FE1D  _P5NCS                             stc_i2c
     0000FE1E  _P6NCS                             stc_i2c
     0000FE1F  _P7NCS                             stc_i2c
     0000FE20  _P0SR                              stc_i2c
     0000FE21  _P1SR                              stc_i2c
     0000FE22  _P2SR                              stc_i2c
     0000FE23  _P3SR                              stc_i2c
     0000FE24  _P4SR                              stc_i2c
     0000FE25  _P5SR                              stc_i2c
     0000FE26  _P6SR                              stc_i2c
     0000FE27  _P7SR                              stc_i2c
     0000FE28  _P0DR                              stc_i2c
     0000FE29  _P1DR                              stc_i2c
     0000FE2A  _P2DR                              stc_i2c
     0000FE2B  _P3DR                              stc_i2c
     0000FE2C  _P4DR                              stc_i2c
     0000FE2D  _P5DR                              stc_i2c
     0000FE2E  _P6DR                              stc_i2c
     0000FE2F  _P7DR                              stc_i2c
     0000FE30  _P0IE                              stc_i2c
     0000FE31  _P1IE                              stc_i2c
     0000FE32  _P2IE                              stc_i2c
     0000FE33  _P3IE                              stc_i2c
     0000FE34  _P4IE                              stc_i2c
     0000FE35  _P5IE                              stc_i2c
     0000FE36  _P6IE                              stc_i2c
     0000FE37  _P7IE                              stc_i2c
     0000FE60  _RTCCR                             stc_i2c
     0000FE61  _RTCCFG                            stc_i2c
     0000FE62  _RTCIEN                            stc_i2c
     0000FE63  _RTCIF                             stc_i2c
     0000FE64  _ALAHOUR                           stc_i2c
     0000FE65  _ALAMIN                            stc_i2c
     0000FE66  _ALASEC                            stc_i2c
     0000FE67  _ALASSEC                           stc_i2c
     0000FE68  _INIYEAR                           stc_i2c
     0000FE69  _INIMONTH                          stc_i2c
     0000FE6A  _INIDAY                            stc_i2c
     0000FE6B  _INIHOUR                           stc_i2c
ASxxxx Linker V03.00/V05.40 + sdld,  page 17.
Hexadecimal  [32-Bits]

Area                                    Addr        Size        Decimal Bytes (Attributes)
--------------------------------        ----        ----        ------- ----- ------------
.  .ABS.                            00000000    00000000 =           0. bytes (ABS,CON)

      Value  Global                              Global Defined In Module
      -----  --------------------------------   ------------------------
     0000FE6C  _INIMIN                            stc_i2c
     0000FE6D  _INISEC                            stc_i2c
     0000FE6E  _INISSEC                           stc_i2c
     0000FE70  _RTCYEAR                           stc_i2c
     0000FE71  _RTCMONTH                          stc_i2c
     0000FE72  _RTCDAY                            stc_i2c
     0000FE73  _RTCHOUR                           stc_i2c
     0000FE74  _RTCMIN                            stc_i2c
     0000FE75  _RTCSEC                            stc_i2c
     0000FE76  _RTCSSEC                           stc_i2c
     0000FE80  _I2CCFG                            stc_i2c
     0000FE81  _I2CMSCR                           stc_i2c
     0000FE82  _I2CMSST                           stc_i2c
     0000FE83  _I2CSLCR                           stc_i2c
     0000FE84  _I2CSLST                           stc_i2c
     0000FE85  _I2CSLADR                          stc_i2c
     0000FE86  _I2CTXD                            stc_i2c
     0000FE87  _I2CRXD                            stc_i2c
     0000FE88  _I2CMSAUX                          stc_i2c
     0000FEA2  _TM2PS                             stc_i2c
     0000FEA3  _TM3PS                             stc_i2c
     0000FEA4  _TM4PS                             stc_i2c
     0000FEA8  _ADCTIM                            stc_i2c
     0000FEAC  _T3T4PS                            stc_i2c
     0000FF00  _PWM0C                             stc_i2c
     0000FF00  _PWM0CH                            stc_i2c
     0000FF01  _PWM0CL                            stc_i2c
     0000FF02  _PWM0CKS                           stc_i2c
     0000FF03  _PWM0TADC                          stc_i2c
     0000FF03  _PWM0TADCH                         stc_i2c
     0000FF04  _PWM0TADCL                         stc_i2c
     0000FF05  _PWM0IF                            stc_i2c
     0000FF06  _PWM0FDCR                          stc_i2c
     0000FF10  _PWM00T1                           stc_i2c
     0000FF11  _PWM00T1L                          stc_i2c
     0000FF12  _PWM00T2                           stc_i2c
     0000FF12  _PWM00T2H                          stc_i2c
     0000FF13  _PWM00T2L                          stc_i2c
     0000FF14  _PWM00CR                           stc_i2c
     0000FF15  _PWM00HLD                          stc_i2c
     0000FF18  _PWM01T1                           stc_i2c
     0000FF18  _PWM01T1H                          stc_i2c
     0000FF19  _PWM01T1L                          stc_i2c
     0000FF1A  _PWM01T2                           stc_i2c
     0000FF1A  _PWM01T2H                          stc_i2c
     0000FF1B  _PWM01T2L                          stc_i2c
     0000FF1C  _PWM01CR                           stc_i2c
     0000FF1D  _PWM01HLD                          stc_i2c
     0000FF20  _PWM02T1                           stc_i2c
     0000FF20  _PWM02T1H                          stc_i2c
     0000FF21  _PWM02T1L                          stc_i2c
ASxxxx Linker V03.00/V05.40 + sdld,  page 18.
Hexadecimal  [32-Bits]

Area                                    Addr        Size        Decimal Bytes (Attributes)
--------------------------------        ----        ----        ------- ----- ------------
.  .ABS.                            00000000    00000000 =           0. bytes (ABS,CON)

      Value  Global                              Global Defined In Module
      -----  --------------------------------   ------------------------
     0000FF22  _PWM02T2                           stc_i2c
     0000FF22  _PWM02T2H                          stc_i2c
     0000FF23  _PWM02T2L                          stc_i2c
     0000FF24  _PWM02CR                           stc_i2c
     0000FF25  _PWM02HLD                          stc_i2c
     0000FF28  _PWM03T1                           stc_i2c
     0000FF28  _PWM03T1H                          stc_i2c
     0000FF29  _PWM03T1L                          stc_i2c
     0000FF2A  _PWM03T2                           stc_i2c
     0000FF2A  _PWM03T2H                          stc_i2c
     0000FF2B  _PWM03T2L                          stc_i2c
     0000FF2C  _PWM03CR                           stc_i2c
     0000FF2D  _PWM03HLD                          stc_i2c
     0000FF30  _PWM04T1                           stc_i2c
     0000FF30  _PWM04T1H                          stc_i2c
     0000FF31  _PWM04T1L                          stc_i2c
     0000FF32  _PWM04T2                           stc_i2c
     0000FF32  _PWM04T2H                          stc_i2c
     0000FF33  _PWM04T2L                          stc_i2c
     0000FF34  _PWM04CR                           stc_i2c
     0000FF35  _PWM04HLD                          stc_i2c
     0000FF38  _PWM05T1                           stc_i2c
     0000FF38  _PWM05T1H                          stc_i2c
     0000FF39  _PWM05T1L                          stc_i2c
     0000FF3A  _PWM05T2                           stc_i2c
     0000FF3A  _PWM05T2H                          stc_i2c
     0000FF3B  _PWM05T2L                          stc_i2c
     0000FF3C  _PWM05CR                           stc_i2c
     0000FF3D  _PWM05HLD                          stc_i2c
     0000FF40  _PWM06T1                           stc_i2c
     0000FF40  _PWM06T1H                          stc_i2c
     0000FF41  _PWM06T1L                          stc_i2c
     0000FF42  _PWM06T2                           stc_i2c
     0000FF42  _PWM06T2H                          stc_i2c
     0000FF43  _PWM06T2L                          stc_i2c
     0000FF44  _PWM06CR                           stc_i2c
     0000FF45  _PWM06HLD                          stc_i2c
     0000FF48  _PWM07T1                           stc_i2c
     0000FF48  _PWM07T1H                          stc_i2c
     0000FF49  _PWM07T1L                          stc_i2c
     0000FF4A  _PWM07T2                           stc_i2c
     0000FF4A  _PWM07T2H                          stc_i2c
     0000FF4B  _PWM07T2L                          stc_i2c
     0000FF4C  _PWM07CR                           stc_i2c
     0000FF4D  _PWM07HLD                          stc_i2c
     0000FF50  _PWM1C                             stc_i2c
     0000FF50  _PWM1CH                            stc_i2c
     0000FF51  _PWM1CL                            stc_i2c
     0000FF52  _PWM1CKS                           stc_i2c
     0000FF55  _PWM1IF                            stc_i2c
     0000FF56  _PWM1FDCR                          stc_i2c
ASxxxx Linker V03.00/V05.40 + sdld,  page 19.
Hexadecimal  [32-Bits]

Area                                    Addr        Size        Decimal Bytes (Attributes)
--------------------------------        ----        ----        ------- ----- ------------
.  .ABS.                            00000000    00000000 =           0. bytes (ABS,CON)

      Value  Global                              Global Defined In Module
      -----  --------------------------------   ------------------------
     0000FF60  _PWM10T1                           stc_i2c
     0000FF60  _PWM10T1H                          stc_i2c
     0000FF61  _PWM10T1L                          stc_i2c
     0000FF62  _PWM10T2                           stc_i2c
     0000FF62  _PWM10T2H                          stc_i2c
     0000FF63  _PWM10T2L                          stc_i2c
     0000FF64  _PWM10CR                           stc_i2c
     0000FF65  _PWM10HLD                          stc_i2c
     0000FF68  _PWM11T1                           stc_i2c
     0000FF68  _PWM11T1H                          stc_i2c
     0000FF69  _PWM11T1L                          stc_i2c
     0000FF6A  _PWM11T2                           stc_i2c
     0000FF6A  _PWM11T2H                          stc_i2c
     0000FF6B  _PWM11T2L                          stc_i2c
     0000FF6C  _PWM11CR                           stc_i2c
     0000FF6D  _PWM11HLD                          stc_i2c
     0000FF70  _PWM12T1                           stc_i2c
     0000FF70  _PWM12T1H                          stc_i2c
     0000FF71  _PWM12T1L                          stc_i2c
     0000FF72  _PWM12T2                           stc_i2c
     0000FF72  _PWM12T2H                          stc_i2c
     0000FF73  _PWM12T2L                          stc_i2c
     0000FF74  _PWM12CR                           stc_i2c
     0000FF75  _PWM12HLD                          stc_i2c
     0000FF78  _PWM13T1                           stc_i2c
     0000FF78  _PWM13T1H                          stc_i2c
     0000FF79  _PWM13T1L                          stc_i2c
     0000FF7A  _PWM13T2                           stc_i2c
     0000FF7A  _PWM13T2H                          stc_i2c
     0000FF7B  _PWM13T2L                          stc_i2c
     0000FF7C  _PWM13CR                           stc_i2c
     0000FF7D  _PWM13HLD                          stc_i2c
     0000FF80  _PWM14T1                           stc_i2c
     0000FF80  _PWM14T1H                          stc_i2c
     0000FF81  _PWM14T1L                          stc_i2c
     0000FF82  _PWM14T2                           stc_i2c
     0000FF82  _PWM14T2H                          stc_i2c
     0000FF83  _PWM14T2L                          stc_i2c
     0000FF84  _PWM14CR                           stc_i2c
     0000FF85  _PWM14HLD                          stc_i2c
     0000FF88  _PWM15T1                           stc_i2c
     0000FF88  _PWM15T1H                          stc_i2c
     0000FF89  _PWM15T1L                          stc_i2c
     0000FF8A  _PWM15T2                           stc_i2c
     0000FF8A  _PWM15T2H                          stc_i2c
     0000FF8B  _PWM15T2L                          stc_i2c
     0000FF8C  _PWM15CR                           stc_i2c
     0000FF8D  _PWM15HLD                          stc_i2c
     0000FF90  _PWM16T1                           stc_i2c
     0000FF90  _PWM16T1H                          stc_i2c
     0000FF91  _PWM16T1L                          stc_i2c
ASxxxx Linker V03.00/V05.40 + sdld,  page 20.
Hexadecimal  [32-Bits]

Area                                    Addr        Size        Decimal Bytes (Attributes)
--------------------------------        ----        ----        ------- ----- ------------
.  .ABS.                            00000000    00000000 =           0. bytes (ABS,CON)

      Value  Global                              Global Defined In Module
      -----  --------------------------------   ------------------------
     0000FF92  _PWM16T2                           stc_i2c
     0000FF92  _PWM16T2H                          stc_i2c
     0000FF93  _PWM16T2L                          stc_i2c
     0000FF94  _PWM16CR                           stc_i2c
     0000FF95  _PWM16HLD                          stc_i2c
     0000FF98  _PWM17T1                           stc_i2c
     0000FF98  _PWM17T1H                          stc_i2c
     0000FF99  _PWM17T1L                          stc_i2c
     0000FF9A  _PWM17T2                           stc_i2c
     0000FF9A  _PWM17T2H                          stc_i2c
     0000FF9B  _PWM17T2L                          stc_i2c
     0000FF9C  _PWM17CR                           stc_i2c
     0000FF9D  _PWM17HLD                          stc_i2c
     0000FFA0  _PWM2C                             stc_i2c
     0000FFA0  _PWM2CH                            stc_i2c
     0000FFA1  _PWM2CL                            stc_i2c
     0000FFA2  _PWM2CKS                           stc_i2c
     0000FFA3  _PWM2TADC                          stc_i2c
     0000FFA3  _PWM2TADCH                         stc_i2c
     0000FFA4  _PWM2TADCL                         stc_i2c
     0000FFA5  _PWM2IF                            stc_i2c
     0000FFA6  _PWM2FDCR                          stc_i2c
     0000FFB0  _PWM20T1                           stc_i2c
     0000FFB0  _PWM20T1H                          stc_i2c
     0000FFB1  _PWM20T1L                          stc_i2c
     0000FFB2  _PWM20T2                           stc_i2c
     0000FFB2  _PWM20T2H                          stc_i2c
     0000FFB3  _PWM20T2L                          stc_i2c
     0000FFB4  _PWM20CR                           stc_i2c
     0000FFB5  _PWM20HLD                          stc_i2c
     0000FFB8  _PWM21T1                           stc_i2c
     0000FFB8  _PWM21T1H                          stc_i2c
     0000FFB9  _PWM21T1L                          stc_i2c
     0000FFBA  _PWM21T2                           stc_i2c
     0000FFBA  _PWM21T2H                          stc_i2c
     0000FFBB  _PWM21T2L                          stc_i2c
     0000FFBC  _PWM21CR                           stc_i2c
     0000FFBD  _PWM21HLD                          stc_i2c
     0000FFC0  _PWM22T1                           stc_i2c
     0000FFC0  _PWM22T1H                          stc_i2c
     0000FFC1  _PWM22T1L                          stc_i2c
     0000FFC2  _PWM22T2                           stc_i2c
     0000FFC2  _PWM22T2H                          stc_i2c
     0000FFC3  _PWM22T2L                          stc_i2c
     0000FFC4  _PWM22CR                           stc_i2c
     0000FFC5  _PWM22HLD                          stc_i2c
     0000FFC8  _PWM23T1                           stc_i2c
     0000FFC8  _PWM23T1H                          stc_i2c
     0000FFC9  _PWM23T1L                          stc_i2c
     0000FFCA  _PWM23T2                           stc_i2c
     0000FFCA  _PWM23T2H                          stc_i2c
ASxxxx Linker V03.00/V05.40 + sdld,  page 21.
Hexadecimal  [32-Bits]

Area                                    Addr        Size        Decimal Bytes (Attributes)
--------------------------------        ----        ----        ------- ----- ------------
.  .ABS.                            00000000    00000000 =           0. bytes (ABS,CON)

      Value  Global                              Global Defined In Module
      -----  --------------------------------   ------------------------
     0000FFCB  _PWM23T2L                          stc_i2c
     0000FFCC  _PWM23CR                           stc_i2c
     0000FFCD  _PWM23HLD                          stc_i2c
     0000FFD0  _PWM24T1                           stc_i2c
     0000FFD0  _PWM24T1H                          stc_i2c
     0000FFD1  _PWM24T1L                          stc_i2c
     0000FFD2  _PWM24T2                           stc_i2c
     0000FFD2  _PWM24T2H                          stc_i2c
     0000FFD3  _PWM24T2L                          stc_i2c
     0000FFD4  _PWM24CR                           stc_i2c
     0000FFD5  _PWM24HLD                          stc_i2c
     0000FFD8  _PWM25T1                           stc_i2c
     0000FFD8  _PWM25T1H                          stc_i2c
     0000FFD9  _PWM25T1L                          stc_i2c
     0000FFDA  _PWM25T2                           stc_i2c
     0000FFDA  _PWM25T2H                          stc_i2c
     0000FFDB  _PWM25T2L                          stc_i2c
     0000FFDC  _PWM25CR                           stc_i2c
     0000FFDD  _PWM25HLD                          stc_i2c
     0000FFE0  _PWM26T1                           stc_i2c
     0000FFE0  _PWM26T1H                          stc_i2c
     0000FFE1  _PWM26T1L                          stc_i2c
     0000FFE2  _PWM26T2                           stc_i2c
     0000FFE2  _PWM26T2H                          stc_i2c
     0000FFE3  _PWM26T2L                          stc_i2c
     0000FFE4  _PWM26CR                           stc_i2c
     0000FFE5  _PWM26HLD                          stc_i2c
     0000FFE8  _PWM27T1                           stc_i2c
     0000FFE8  _PWM27T1H                          stc_i2c
     0000FFE9  _PWM27T1L                          stc_i2c
     0000FFEA  _PWM27T2                           stc_i2c
     0000FFEA  _PWM27T2H                          stc_i2c
     0000FFEB  _PWM27T2L                          stc_i2c
     0000FFEC  _PWM27CR                           stc_i2c
     0000FFED  _PWM27HLD                          stc_i2c

ASxxxx Linker V03.00/V05.40 + sdld,  page 22.
Hexadecimal  [32-Bits]

Area                                    Addr        Size        Decimal Bytes (Attributes)
--------------------------------        ----        ----        ------- ----- ------------
BSEG_BYTES                          00000020    00000001 =           1. bytes (REL,CON)

      Value  Global                              Global Defined In Module
      -----  --------------------------------   ------------------------
ASxxxx Linker V03.00/V05.40 + sdld,  page 23.
Hexadecimal  [32-Bits]

Area                                    Addr        Size        Decimal Bytes (Attributes)
--------------------------------        ----        ----        ------- ----- ------------
REG_BANK_0                          00000000    00000008 =           8. bytes (REL,OVR)

      Value  Global                              Global Defined In Module
      -----  --------------------------------   ------------------------
ASxxxx Linker V03.00/V05.40 + sdld,  page 24.
Hexadecimal  [32-Bits]

Area                                    Addr        Size        Decimal Bytes (Attributes)
--------------------------------        ----        ----        ------- ----- ------------
DSEG                                00000000    00000080 =         128. bytes (REL,CON)

      Value  Global                              Global Defined In Module
      -----  --------------------------------   ------------------------
ASxxxx Linker V03.00/V05.40 + sdld,  page 25.
Hexadecimal  [32-Bits]

Area                                    Addr        Size        Decimal Bytes (Attributes)
--------------------------------        ----        ----        ------- ----- ------------
OSEG                                0000001A    00000006 =           6. bytes (REL,OVR)

      Value  Global                              Global Defined In Module
      -----  --------------------------------   ------------------------
ASxxxx Linker V03.00/V05.40 + sdld,  page 26.
Hexadecimal  [32-Bits]

Area                                    Addr        Size        Decimal Bytes (Attributes)
--------------------------------        ----        ----        ------- ----- ------------
SSEG                                00000021    000000DF =         223. bytes (REL,OVR)

      Value  Global                              Global Defined In Module
      -----  --------------------------------   ------------------------
     00000021  __start__stack                     main

ASxxxx Linker V03.00/V05.40 + sdld,  page 27.
Hexadecimal  [32-Bits]

Area                                    Addr        Size        Decimal Bytes (Attributes)
--------------------------------        ----        ----        ------- ----- ------------
XSEG                                00000001    0000006B =         107. bytes (REL,CON,XDATA)

      Value  Global                              Global Defined In Module
      -----  --------------------------------   ------------------------
D:   00000001  _Print_Ascii_5x8_PARM_2            ascii_font
D:   00000002  _Print_Ascii_5x8_PARM_3            ascii_font
D:   00000007  _Arrow_Direction_PARM_2            i2c_seven_segment
D:   00000008  _Arrow_Direction_PARM_3            i2c_seven_segment
D:   0000000A  _Set_Segment_Size_PARM_2           i2c_seven_segment
D:   0000000F  _Check_Arrow_Direction_PARM_2      i2c_seven_segment
D:   00000010  _Check_Arrow_Direction_PARM_3      i2c_seven_segment
D:   00000011  _Check_Arrow_Direction_PARM_4      i2c_seven_segment
D:   00000013  _Segment_Render_PARM_2             i2c_seven_segment
D:   00000014  _Segment_Render_PARM_3             i2c_seven_segment
D:   00000015  _Segment_Render_PARM_4             i2c_seven_segment
D:   00000048  _Print_Number_PARM_2               main
D:   00000049  _Print_Number_PARM_3               main
D:   0000004A  _Print_Number_PARM_4               main
D:   00000055  _SSD1306_Draw_Pixels_PARM_2        ssd1306
D:   00000056  _SSD1306_Draw_Pixels_PARM_3        ssd1306
D:   0000005F  __divuint_PARM_2                   _divuint
D:   00000066  __gptrput_PARM_2                   _gptrput
D:   00000067  __moduint_PARM_2                   _moduint

ASxxxx Linker V03.00/V05.40 + sdld,  page 28.
Hexadecimal  [32-Bits]

Area                                    Addr        Size        Decimal Bytes (Attributes)
--------------------------------        ----        ----        ------- ----- ------------
HOME                                00000000    0000004C =          76. bytes (REL,CON,CODE)

      Value  Global                              Global Defined In Module
      -----  --------------------------------   ------------------------
C:   00000008  sdcc_atomic_exchange_rollback_st   main
C:   0000002F  sdcc_atomic_exchange_gptr_impl     main
C:   0000002F  sdcc_atomic_exchange_rollback_en   main
C:   0000003F  sdcc_atomic_compare_exchange_gpt   main
C:   00000049  __sdcc_program_startup             main

ASxxxx Linker V03.00/V05.40 + sdld,  page 29.
Hexadecimal  [32-Bits]

Area                                    Addr        Size        Decimal Bytes (Attributes)
--------------------------------        ----        ----        ------- ----- ------------
GSINIT0                             0000004C    00000003 =           3. bytes (REL,CON,CODE)

      Value  Global                              Global Defined In Module
      -----  --------------------------------   ------------------------
C:   0000004C  __sdcc_gsinit_startup              

ASxxxx Linker V03.00/V05.40 + sdld,  page 30.
Hexadecimal  [32-Bits]

Area                                    Addr        Size        Decimal Bytes (Attributes)
--------------------------------        ----        ----        ------- ----- ------------
GSINIT2                             0000004F    0000000A =          10. bytes (REL,CON,CODE)

      Value  Global                              Global Defined In Module
      -----  --------------------------------   ------------------------
ASxxxx Linker V03.00/V05.40 + sdld,  page 31.
Hexadecimal  [32-Bits]

Area                                    Addr        Size        Decimal Bytes (Attributes)
--------------------------------        ----        ----        ------- ----- ------------
GSINIT3                             00000059    00000022 =          34. bytes (REL,CON,CODE)

      Value  Global                              Global Defined In Module
      -----  --------------------------------   ------------------------
C:   00000059  __mcs51_genXINIT                   

ASxxxx Linker V03.00/V05.40 + sdld,  page 32.
Hexadecimal  [32-Bits]

Area                                    Addr        Size        Decimal Bytes (Attributes)
--------------------------------        ----        ----        ------- ----- ------------
GSINIT4                             0000007B    0000002A =          42. bytes (REL,CON,CODE)

      Value  Global                              Global Defined In Module
      -----  --------------------------------   ------------------------
C:   0000007B  __mcs51_genRAMCLEAR                
C:   00000081  __mcs51_genXRAMCLEAR               

ASxxxx Linker V03.00/V05.40 + sdld,  page 33.
Hexadecimal  [32-Bits]

Area                                    Addr        Size        Decimal Bytes (Attributes)
--------------------------------        ----        ----        ------- ----- ------------
GSFINAL                             000000A5    00000003 =           3. bytes (REL,CON,CODE)

      Value  Global                              Global Defined In Module
      -----  --------------------------------   ------------------------
ASxxxx Linker V03.00/V05.40 + sdld,  page 34.
Hexadecimal  [32-Bits]

Area                                    Addr        Size        Decimal Bytes (Attributes)
--------------------------------        ----        ----        ------- ----- ------------
CSEG                                000000A8    00001145 =        4421. bytes (REL,CON,CODE)

      Value  Global                              Global Defined In Module
      -----  --------------------------------   ------------------------
C:   000000A8  _Print_Ascii_5x8                   ascii_font
C:   00000170  _Arrow_Direction                   i2c_seven_segment
C:   000001D5  _Set_Segment_Size                  i2c_seven_segment
C:   000004A7  _Check_Arrow_Direction             i2c_seven_segment
C:   0000059B  _Segment_Render                    i2c_seven_segment
C:   00000957  _Print_Number                      main
C:   00000A61  _main                              main
C:   00000D46  _SSD1306_Write_Command             ssd1306
C:   00000D64  _SSD1306_Write_Data                ssd1306
C:   00000D82  _SSD1306_Init                      ssd1306
C:   00000E36  _SSD1306_Power                     ssd1306
C:   00000E51  _SSD1306_Clear                     ssd1306
C:   00000E96  _SSD1306_Draw_Pixels               ssd1306
C:   00000F0C  _I2C_Init                          stc_i2c
C:   00000FC2  _Delay_ms                          stc_i2c
C:   00001010  _I2C_Start                         stc_i2c
C:   00001019  _I2C_Stop                          stc_i2c
C:   00001022  _I2C_Send_Start_Byte               stc_i2c
C:   0000104E  _I2C_Send_Byte                     stc_i2c
C:   0000107A  __divuint                          _divuint
C:   00001107  __gptrput                          _gptrput
C:   00001122  __moduint                          _moduint
C:   000011CD  __gptrget                          _gptrget
C:   000011E9  ___sdcc_external_startup           _startup
ASxxxx Linker V03.00/V05.40 + sdld,  page 35.
Hexadecimal  [32-Bits]

Area                                    Addr        Size        Decimal Bytes (Attributes)
--------------------------------        ----        ----        ------- ----- ------------
CONST                               000011ED    0000021F =         543. bytes (REL,CON,CODE)

      Value  Global                              Global Defined In Module
      -----  --------------------------------   ------------------------
C:   000011ED  _Ascii_8x5_font                    ascii_font
C:   000013D2  _numbers_seg                       i2c_seven_segment

ASxxxx Linker V03.00/V05.40 + sdld,  page 36.

Files Linked                              [ module(s) ]

obj\Release\ascii_font.rel                [  ]
obj\Release\i2c_seven_segment.rel         [  ]
obj\Release\main.rel                      [  ]
obj\Release\ssd1306.rel                   [  ]
obj\Release\stc_i2c.rel                   [  ]


Libraries Linked                          [ object file ]

C:\Program Files\SDCC\bin\..\lib\large/libint.lib
                                          [ _divuint.rel ]
C:\Program Files\SDCC\bin\..\lib\large/mcs51.lib
                                          [ crtclear.rel ]
C:\Program Files\SDCC\bin\..\lib\large/mcs51.lib
                                          [ crtxinit.rel ]
C:\Program Files\SDCC\bin\..\lib\large/libsdcc.lib
                                          [ _gptrput.rel ]
C:\Program Files\SDCC\bin\..\lib\large/libint.lib
                                          [ _moduint.rel ]
C:\Program Files\SDCC\bin\..\lib\large/mcs51.lib
                                          [ crtxclear.rel ]
C:\Program Files\SDCC\bin\..\lib\large/mcs51.lib
                                          [ crtpagesfr.rel ]
C:\Program Files\SDCC\bin\..\lib\large/mcs51.lib
                                          [ crtstart.rel ]
C:\Program Files\SDCC\bin\..\lib\large/libsdcc.lib
                                          [ _gptrget.rel ]
C:\Program Files\SDCC\bin\..\lib\large/libsdcc.lib
                                          [ _startup.rel ]

ASxxxx Linker V03.00/V05.40 + sdld,  page 37.

User Base Address Definitions

HOME = 0x0000
XSEG = 0x0001
PSEG = 0x0001
ISEG = 0x0000
BSEG = 0x0000

